 exec_hashed

 Timestamp is 64ecd951 (Mon Aug 28 18:28:49 2023)

 Preferred load address is 0000000140000000

 Start         Length     Name                   Class
 0001:00000000 00000946H .text$mn                CODE
 0002:00000000 0000005cH .rdata                  DATA
 0002:0000005c 00000024H .rdata$voltmd           DATA
 0002:00000080 00000098H .rdata$zzzdbg           DATA
 0002:00000118 00000088H .xdata                  DATA
 0002:000001a0 00000000H .edata                  DATA
 0003:00000000 00000000H .data                   DATA
 0003:00000000 00000258H .bss                    DATA
 0004:00000000 00000048H .pdata                  DATA

  Address         Publics by Value              Rva+Base               Lib:Object

 0000:00000000       __AbsoluteZero             0000000000000000     <absolute>
 0000:00000000       __arm64x_extra_rfe_table   0000000000000000     <absolute>
 0000:00000000       __arm64x_extra_rfe_table_size 0000000000000000     <absolute>
 0000:00000000       __arm64x_native_entrypoint 0000000000000000     <absolute>
 0000:00000000       __arm64x_redirection_metadata 0000000000000000     <absolute>
 0000:00000000       __arm64x_redirection_metadata_count 0000000000000000     <absolute>
 0000:00000000       __dynamic_value_reloc_table 0000000000000000     <absolute>
 0000:00000000       __enclave_config           0000000000000000     <absolute>
 0000:00000000       __guard_check_icall_a64n_fptr 0000000000000000     <absolute>
 0000:00000000       __guard_eh_cont_count      0000000000000000     <absolute>
 0000:00000000       __guard_eh_cont_table      0000000000000000     <absolute>
 0000:00000000       __guard_fids_count         0000000000000000     <absolute>
 0000:00000000       __guard_fids_table         0000000000000000     <absolute>
 0000:00000000       __guard_flags              0000000000000000     <absolute>
 0000:00000000       __guard_iat_count          0000000000000000     <absolute>
 0000:00000000       __guard_iat_table          0000000000000000     <absolute>
 0000:00000000       __guard_longjmp_count      0000000000000000     <absolute>
 0000:00000000       __guard_longjmp_table      0000000000000000     <absolute>
 0000:00000000       __hybrid_auxiliary_delayload_iat 0000000000000000     <absolute>
 0000:00000000       __hybrid_auxiliary_delayload_iat_copy 0000000000000000     <absolute>
 0000:00000000       __hybrid_auxiliary_iat     0000000000000000     <absolute>
 0000:00000000       __hybrid_auxiliary_iat_copy 0000000000000000     <absolute>
 0000:00000000       __hybrid_code_map          0000000000000000     <absolute>
 0000:00000000       __hybrid_code_map_count    0000000000000000     <absolute>
 0000:00000000       __x64_code_ranges_to_entry_points 0000000000000000     <absolute>
 0000:00000000       __x64_code_ranges_to_entry_points_count 0000000000000000     <absolute>
 0001:00000000       Begin                      0000000140001000 f   exec_hashed.obj
 0001:00000008       GetProcAddressWithHash     0000000140001008 f   exec_hashed.obj
 0001:00000118       ExecutePayload             0000000140001118 f   exec_hashed.obj
 0001:000004b4       WriteToPipe                00000001400014b4 f   exec_hashed.obj
 0001:0000056c       ReadFromPipe               000000014000156c f   exec_hashed.obj
 0001:000006e4       writeFile                  00000001400016e4 f   exec_hashed.obj
 0001:0000079c       readFile                   000000014000179c f   exec_hashed.obj
 0001:00000930       AlignRSP                   0000000140001930 f   AdjustStack.obj
 0002:00000000       ??_C@_0N@NHPEBOA@?6END_OF_CMD?6@ 0000000140002000     exec_hashed.obj
 0002:00000010       ??_C@_0L@IJLKIHG@END_OF_CMD@ 0000000140002010     exec_hashed.obj
 0002:0000001c       ??_C@_04MKNBDEPB@exit@     000000014000201c     exec_hashed.obj
 0002:00000024       MAX_STRING                 0000000140002024     exec_hashed.obj
 0002:00000030       __xmm@000a0d21646c726f57202c6f6c6c6548 0000000140002030     exec_hashed.obj
 0002:0000005c       __volatile_metadata        000000014000205c     <linker-defined>
 0003:00000000       g_hChildStd_OUT_Rd         0000000140003000     exec_hashed.obj
 0003:00000008       g_hChildStd_OUT_Wr         0000000140003008     exec_hashed.obj
 0003:00000010       g_hChildStd_IN_Rd          0000000140003010     exec_hashed.obj
 0003:00000018       g_hChildStd_IN_Wr          0000000140003018     exec_hashed.obj
 0003:00000020       g_pathOutputFile           0000000140003020     <common>
 0003:00000140       g_pathInputFile            0000000140003140     <common>

 entry point at        0001:00000000

 Static symbols

 0002:00000118       $unwind$GetProcAddressWithHash 0000000140002118     exec_hashed.obj
 0002:00000130       $unwind$ExecutePayload     0000000140002130     exec_hashed.obj
 0002:00000150       $unwind$WriteToPipe        0000000140002150     exec_hashed.obj
 0002:0000015c       $unwind$ReadFromPipe       000000014000215c     exec_hashed.obj
 0002:00000174       $unwind$writeFile          0000000140002174     exec_hashed.obj
 0002:00000188       $unwind$readFile           0000000140002188     exec_hashed.obj
